[rqtcmuscat.framer.website/index.html]
[backblue.gif]
[fade.gif]
[index.html]
[framerusercontent.com/sites/icons/default-favicon-light.v1.png]
[framerusercontent.com/sites/icons/default-favicon-dark.v1.png]
[framerusercontent.com/sites/icons/default-touch-icon.v3.png]
[rqtcmuscat.framer.website/about-us.html]
[rqtcmuscat.framer.website/portfolio.html]
[rqtcmuscat.framer.website/quote.html]
[framerusercontent.com/images/s1UUGNYLR93m1uGM28FxhUyV38.jpg]
[framerusercontent.com/images/ZyR1uVEOUfT5nn7UWkS719Lw.png]
[framerusercontent.com/images/Gr20AbnYi5IUOqfMkUmtu4rr87kbf23.jpg]
[framerusercontent.com/images/5OMefKjXzmsiUw6cZ0Fu1jqjpGc.png]
[rqtcmuscat.framer.website/index.html]
[rqtcmuscat.framer.website/about-us.html]
[framerusercontent.com/images/xWqgAwB6xlOU6QVQhZ6EdjJPmU.png]
[framerusercontent.com/images/iGjCQvWogCU6z7pexuDaloGTbYAbf23.jpg]
[framerusercontent.com/images/L560yCaLoUCoCDUaes0NDBo4y0bf23.jpg]
[framerusercontent.com/images/tNbeOEkoOICzWrfaqKNk4vGxZmI.png]
[framerusercontent.com/images/D3i5ts0OhXxk3DNjnw0k6UnFts.png]
[rqtcmuscat.framer.website/portfolio.html]
[rqtcmuscat.framer.website/quote.html]
